Archive member included to satisfy reference by file (symbol)

C:\Users\Jelly\AppData\Local\Temp\arduino\sketches\086B966BAB3A9916716A32606A48016F/..\..\cores\arduino_megaavr_uno2018_mode_on_fc5c0c7fd645499f097260f74afcd886\core.a(UART0.cpp.o)
                              C:\Users\Jelly\AppData\Local\Temp\arduino\sketches\086B966BAB3A9916716A32606A48016F\sketch\badge-app.ino.cpp.o (symbol from plugin) (Serial)
C:\Users\Jelly\AppData\Local\Temp\arduino\sketches\086B966BAB3A9916716A32606A48016F/..\..\cores\arduino_megaavr_uno2018_mode_on_fc5c0c7fd645499f097260f74afcd886\core.a(abi.cpp.o)
                              C:\Users\Jelly\AppData\Local\Temp\arduino\sketches\086B966BAB3A9916716A32606A48016F\libraries\WiFiNINA\WiFiServer.cpp.o (symbol from plugin) (__cxa_pure_virtual)
C:\Users\Jelly\AppData\Local\Temp\arduino\sketches\086B966BAB3A9916716A32606A48016F/..\..\cores\arduino_megaavr_uno2018_mode_on_fc5c0c7fd645499f097260f74afcd886\core.a(IPAddress.cpp.o)
                              C:\Users\Jelly\AppData\Local\Temp\arduino\sketches\086B966BAB3A9916716A32606A48016F\sketch\badge-app.ino.cpp.o (symbol from plugin) (_ZTVN7arduino9IPAddressE)
C:\Users\Jelly\AppData\Local\Temp\arduino\sketches\086B966BAB3A9916716A32606A48016F/..\..\cores\arduino_megaavr_uno2018_mode_on_fc5c0c7fd645499f097260f74afcd886\core.a(Print.cpp.o)
                              C:\Users\Jelly\AppData\Local\Temp\arduino\sketches\086B966BAB3A9916716A32606A48016F\libraries\WiFiNINA\WiFiServer.cpp.o (symbol from plugin) (_ZN7arduino5Print5writeEPKhj)
C:\Users\Jelly\AppData\Local\Temp\arduino\sketches\086B966BAB3A9916716A32606A48016F/..\..\cores\arduino_megaavr_uno2018_mode_on_fc5c0c7fd645499f097260f74afcd886\core.a(String.cpp.o)
                              C:\Users\Jelly\AppData\Local\Temp\arduino\sketches\086B966BAB3A9916716A32606A48016F\sketch\badge-app.ino.cpp.o (symbol from plugin) (_ZN7arduino6StringD1Ev)
C:\Users\Jelly\AppData\Local\Temp\arduino\sketches\086B966BAB3A9916716A32606A48016F/..\..\cores\arduino_megaavr_uno2018_mode_on_fc5c0c7fd645499f097260f74afcd886\core.a(hooks.c.o)
                              C:\Users\Jelly\AppData\Local\Temp\arduino\sketches\086B966BAB3A9916716A32606A48016F\libraries\MFRC522\MFRC522.cpp.o (symbol from plugin) (yield)
C:\Users\Jelly\AppData\Local\Temp\arduino\sketches\086B966BAB3A9916716A32606A48016F/..\..\cores\arduino_megaavr_uno2018_mode_on_fc5c0c7fd645499f097260f74afcd886\core.a(main.cpp.o)
                              c:/users/jelly/appdata/local/arduino15/packages/arduino/tools/avr-gcc/7.3.0-atmel3.6.1-arduino5/bin/../lib/gcc/avr/7.3.0/../../../../avr/lib/avrxmega3/crtatmega4809.o (main)
C:\Users\Jelly\AppData\Local\Temp\arduino\sketches\086B966BAB3A9916716A32606A48016F/..\..\cores\arduino_megaavr_uno2018_mode_on_fc5c0c7fd645499f097260f74afcd886\core.a(new.cpp.o)
                              C:\Users\Jelly\AppData\Local\Temp\arduino\sketches\086B966BAB3A9916716A32606A48016F\libraries\SPI\SPI.cpp.o (symbol from plugin) (_ZdlPv)
C:\Users\Jelly\AppData\Local\Temp\arduino\sketches\086B966BAB3A9916716A32606A48016F/..\..\cores\arduino_megaavr_uno2018_mode_on_fc5c0c7fd645499f097260f74afcd886\core.a(wiring.c.o)
                              C:\Users\Jelly\AppData\Local\Temp\arduino\sketches\086B966BAB3A9916716A32606A48016F\libraries\SPI\SPI.cpp.o (symbol from plugin) (F_CPU_CORRECTED)
C:\Users\Jelly\AppData\Local\Temp\arduino\sketches\086B966BAB3A9916716A32606A48016F/..\..\cores\arduino_megaavr_uno2018_mode_on_fc5c0c7fd645499f097260f74afcd886\core.a(wiring_analog.c.o)
                              wiring.c.o (symbol from plugin) (analogReference)
C:\Users\Jelly\AppData\Local\Temp\arduino\sketches\086B966BAB3A9916716A32606A48016F/..\..\cores\arduino_megaavr_uno2018_mode_on_fc5c0c7fd645499f097260f74afcd886\core.a(wiring_digital.c.o)
                              wiring_analog.c.o (symbol from plugin) (digital_pin_to_timer)
C:\Users\Jelly\AppData\Local\Temp\arduino\sketches\086B966BAB3A9916716A32606A48016F/..\..\cores\arduino_megaavr_uno2018_mode_on_fc5c0c7fd645499f097260f74afcd886\core.a(UART.cpp.o)
                              UART0.cpp.o (symbol from plugin) (_ZN9UartClass9availableEv)
c:/users/jelly/appdata/local/arduino15/packages/arduino/tools/avr-gcc/7.3.0-atmel3.6.1-arduino5/bin/../lib/gcc/avr/7.3.0/avrxmega3\libgcc.a(_exit.o)
                              c:/users/jelly/appdata/local/arduino15/packages/arduino/tools/avr-gcc/7.3.0-atmel3.6.1-arduino5/bin/../lib/gcc/avr/7.3.0/../../../../avr/lib/avrxmega3/crtatmega4809.o (exit)
c:/users/jelly/appdata/local/arduino15/packages/arduino/tools/avr-gcc/7.3.0-atmel3.6.1-arduino5/bin/../lib/gcc/avr/7.3.0/../../../../avr/lib/avrxmega3\libc.a(dtostrf.o)
                              String.cpp.o (symbol from plugin) (dtostrf)
c:/users/jelly/appdata/local/arduino15/packages/arduino/tools/avr-gcc/7.3.0-atmel3.6.1-arduino5/bin/../lib/gcc/avr/7.3.0/../../../../avr/lib/avrxmega3\libc.a(atof.o)
[...]
Memory Configuration

Name             Origin             Length             Attributes
text             0x00000000         0x00100000         xr
data             0x00802000         0x0000ffa0         rw !x
eeprom           0x00810000         0x00010000         rw !x
fuse             0x00820000         0x00000009         rw !x
lock             0x00830000         0x00000400         rw !x
signature        0x00840000         0x00000400         rw !x
user_signatures  0x00850000         0x00000400         rw !x
*default*        0x00000000         0xffffffff

Linker script and memory map

Address of section .data set to 0x802800
                0x00004000                __RODATA_PM_OFFSET__ = 0x4000
LOAD c:/users/jelly/appdata/local/arduino15/packages/arduino/tools/avr-gcc/7.3.0-atmel3.6.1-arduino5/bin/../lib/gcc/avr/7.3.0/../../../../avr/lib/avrxmega3/crtatmega4809.o
Address of section .text set to 0x200
LOAD C:\Users\Jelly\AppData\Local\Temp\arduino\sketches\086B966BAB3A9916716A32606A48016F\sketch\badge-app.ino.cpp.o
LOAD C:\Users\Jelly\AppData\Local\Temp\ccBMcC1n.ltrans0.ltrans.o
LOAD C:\Users\Jelly\AppData\Local\Temp\arduino\sketches\086B966BAB3A9916716A32606A48016F\libraries\SPI\SPI.cpp.o
LOAD C:\Users\Jelly\AppData\Local\Temp\arduino\sketches\086B966BAB3A9916716A32606A48016F\libraries\WiFiNINA\WiFi.cpp.o
LOAD C:\Users\Jelly\AppData\Local\Temp\arduino\sketches\086B966BAB3A9916716A32606A48016F\libraries\WiFiNINA\WiFiClient.cpp.o
LOAD C:\Users\Jelly\AppData\Local\Temp\arduino\sketches\086B966BAB3A9916716A32606A48016F\libraries\WiFiNINA\WiFiSSLClient.cpp.o
LOAD C:\Users\Jelly\AppData\Local\Temp\arduino\sketches\086B966BAB3A9916716A32606A48016F\libraries\WiFiNINA\WiFiServer.cpp.o
LOAD C:\Users\Jelly\AppData\Local\Temp\arduino\sketches\086B966BAB3A9916716A32606A48016F\libraries\WiFiNINA\WiFiStorage.cpp.o
LOAD C:\Users\Jelly\AppData\Local\Temp\arduino\sketches\086B966BAB3A9916716A32606A48016F\libraries\WiFiNINA\WiFiUdp.cpp.o
LOAD C:\Users\Jelly\AppData\Local\Temp\arduino\sketches\086B966BAB3A9916716A32606A48016F\libraries\WiFiNINA\utility\WiFiSocketBuffer.cpp.o
LOAD C:\Users\Jelly\AppData\Local\Temp\arduino\sketches\086B966BAB3A9916716A32606A48016F\libraries\WiFiNINA\utility\nano_rp2040_support.cpp.o
LOAD C:\Users\Jelly\AppData\Local\Temp\arduino\sketches\086B966BAB3A9916716A32606A48016F\libraries\WiFiNINA\utility\server_drv.cpp.o
LOAD C:\Users\Jelly\AppData\Local\Temp\arduino\sketches\086B966BAB3A9916716A32606A48016F\libraries\WiFiNINA\utility\spi_drv.cpp.o
LOAD C:\Users\Jelly\AppData\Local\Temp\arduino\sketches\086B966BAB3A9916716A32606A48016F\libraries\WiFiNINA\utility\wifi_drv.cpp.o
LOAD C:\Users\Jelly\AppData\Local\Temp\arduino\sketches\086B966BAB3A9916716A32606A48016F\libraries\MFRC522\MFRC522.cpp.o
LOAD C:\Users\Jelly\AppData\Local\Temp\arduino\sketches\086B966BAB3A9916716A32606A48016F\libraries\MFRC522\MFRC522Extended.cpp.o
LOAD C:\Users\Jelly\AppData\Local\Temp\arduino\sketches\086B966BAB3A9916716A32606A48016F\core\variant.c.o
LOAD C:\Users\Jelly\AppData\Local\Temp\arduino\sketches\086B966BAB3A9916716A32606A48016F/..\..\cores\arduino_megaavr_uno2018_mode_on_fc5c0c7fd645499f097260f74afcd886\core.a
LOAD c:/users/jelly/appdata/local/arduino15/packages/arduino/tools/avr-gcc/7.3.0-atmel3.6.1-arduino5/bin/../lib/gcc/avr/7.3.0/../../../../avr/lib/avrxmega3\libm.a
START GROUP
LOAD c:/users/jelly/appdata/local/arduino15/packages/arduino/tools/avr-gcc/7.3.0-atmel3.6.1-arduino5/bin/../lib/gcc/avr/7.3.0/avrxmega3\libgcc.a
LOAD c:/users/jelly/appdata/local/arduino15/packages/arduino/tools/avr-gcc/7.3.0-atmel3.6.1-arduino5/bin/../lib/gcc/avr/7.3.0/../../../../avr/lib/avrxmega3\libm.a
LOAD c:/users/jelly/appdata/local/arduino15/packages/arduino/tools/avr-gcc/7.3.0-atmel3.6.1-arduino5/bin/../lib/gcc/avr/7.3.0/../../../../avr/lib/avrxmega3\libc.a
LOAD c:/users/jelly/appdata/local/arduino15/packages/arduino/tools/avr-gcc/7.3.0-atmel3.6.1-arduino5/bin/../lib/gcc/avr/7.3.0/../../../../avr/lib/avrxmega3\libatmega4809.a
END GROUP
                0x00100000                __TEXT_REGION_LENGTH__ = DEFINED (__TEXT_REGION_LENGTH__)?__TEXT_REGION_LENGTH__:0x100000
                0x0000ffa0                __DATA_REGION_LENGTH__ = DEFINED (__DATA_REGION_LENGTH__)?__DATA_REGION_LENGTH__:0xffa0
                0x00010000                __EEPROM_REGION_LENGTH__ = DEFINED (__EEPROM_REGION_LENGTH__)?__EEPROM_REGION_LENGTH__:0x10000
                [0x00000009]                __FUSE_REGION_LENGTH__ = DEFINED (__FUSE_REGION_LENGTH__)?__FUSE_REGION_LENGTH__:0x400
                0x00000400                __LOCK_REGION_LENGTH__ = DEFINED (__LOCK_REGION_LENGTH__)?__LOCK_REGION_LENGTH__:0x400
                0x00000400                __SIGNATURE_REGION_LENGTH__ = DEFINED (__SIGNATURE_REGION_LENGTH__)?__SIGNATURE_REGION_LENGTH__:0x400
                0x00000400                __USER_SIGNATURE_REGION_LENGTH__ = DEFINED (__USER_SIGNATURE_REGION_LENGTH__)?__USER_SIGNATURE_REGION_LENGTH__:0x400
                0x00008000                __RODATA_PM_OFFSET__ = DEFINED (__RODATA_PM_OFFSET__)?__RODATA_PM_OFFSET__:0x8000

.hash
 *(.hash)

.dynsym
 *(.dynsym)

.dynstr
 *(.dynstr)

.gnu.version
 *(.gnu.version)

.gnu.version_d
 *(.gnu.version_d)

.gnu.version_r
 *(.gnu.version_r)

.rel.init
 *(.rel.init)

.rela.init
 *(.rela.init)

.rel.text
 *(.rel.text)
 *(.rel.text.*)
 *(.rel.gnu.linkonce.t*)

.rela.text
 *(.rela.text)
 *(.rela.text.*)
 *(.rela.gnu.linkonce.t*)

.rel.fini
 *(.rel.fini)

.rela.fini
 *(.rela.fini)

.rel.rodata
 *(.rel.rodata)
 *(.rel.rodata.*)
 *(.rel.gnu.linkonce.r*)

.rela.rodata
 *(.rela.rodata)
 *(.rela.rodata.*)
 *(.rela.gnu.linkonce.r*)

.rel.data
 *(.rel.data)
 *(.rel.data.*)
 *(.rel.gnu.linkonce.d*)

.rela.data
 *(.rela.data)
 *(.rela.data.*)
 *(.rela.gnu.linkonce.d*)

.rel.ctors
 *(.rel.ctors)

.rela.ctors
 *(.rela.ctors)

.rel.dtors
 *(.rel.dtors)

.rela.dtors
 *(.rela.dtors)

.rel.got
 *(.rel.got)

.rela.got
 *(.rela.got)

.rel.bss
 *(.rel.bss)

.rela.bss
 *(.rela.bss)

.rel.plt
 *(.rel.plt)

.rela.plt
 *(.rela.plt)

.text           0x00000200     0x54ac
 *(.vectors)
 .vectors       0x00000200       0xa0 c:/users/jelly/appdata/local/arduino15/packages/arduino/tools/avr-gcc/7.3.0-atmel3.6.1-arduino5/bin/../lib/gcc/avr/7.3.0/../../../../avr/lib/avrxmega3/crtatmega4809.o
                0x00000200                __vector_default
                0x00000200                __vectors
 *(.vectors)
 *(.progmem.gcc*)
                0x000002a0                . = ALIGN (0x2)
                0x000002a0                __trampolines_start = .
 *(.trampolines)
 .trampolines   0x000002a0        0x0 linker stubs
 *(.trampolines*)
                0x000002a0                __trampolines_end = .
 *libprintf_flt.a:*(.progmem.data)
 *libc.a:*(.progmem.data)
 *(.progmem*)
 .progmem.data  0x000002a0       0x93 C:\Users\Jelly\AppData\Local\Temp\ccBMcC1n.ltrans0.ltrans.o
                0x00000334                . = ALIGN (0x2)
 *fill*         0x00000333        0x1 
 *(.jumptables)
 *(.jumptables*)
 *(.lowtext)
 *(.lowtext*)
                0x00000334                __ctors_start = .
 *(.ctors)
 .ctors         0x00000334        0x2 C:\Users\Jelly\AppData\Local\Temp\ccBMcC1n.ltrans0.ltrans.o
                0x00000336                __ctors_end = .
                0x00000336                __dtors_start = .
 *(.dtors)
 .dtors         0x00000336        0x2 C:\Users\Jelly\AppData\Local\Temp\ccBMcC1n.ltrans0.ltrans.o
                0x00000338                __dtors_end = .
 SORT(*)(.ctors)
 SORT(*)(.dtors)
 *(.init0)
 .init0         0x00000338        0x0 c:/users/jelly/appdata/local/arduino15/packages/arduino/tools/avr-gcc/7.3.0-atmel3.6.1-arduino5/bin/../lib/gcc/avr/7.3.0/../../../../avr/lib/avrxmega3/crtatmega4809.o
                0x00000338                __init
 *(.init0)
 *(.init1)
 *(.init1)
 *(.init2)
 .init2         0x00000338        0xc c:/users/jelly/appdata/local/arduino15/packages/arduino/tools/avr-gcc/7.3.0-atmel3.6.1-arduino5/bin/../lib/gcc/avr/7.3.0/../../../../avr/lib/avrxmega3/crtatmega4809.o
 *(.init2)
 *(.init3)
 *(.init3)
 *(.init4)
 .init4         0x00000344       0x10 c:/users/jelly/appdata/local/arduino15/packages/arduino/tools/avr-gcc/7.3.0-atmel3.6.1-arduino5/bin/../lib/gcc/avr/7.3.0/avrxmega3\libgcc.a(_clear_bss.o)
                0x00000344                __do_clear_bss
 .init4         0x00000354       0x16 c:/users/jelly/appdata/local/arduino15/packages/arduino/tools/avr-gcc/7.3.0-atmel3.6.1-arduino5/bin/../lib/gcc/avr/7.3.0/avrxmega3\libgcc.a(_copy_data.o)
                0x00000354                __do_copy_data
 *(.init4)
 *(.init5)
 *(.init5)
 *(.init6)
 .init6         0x0000036a       0x16 c:/users/jelly/appdata/local/arduino15/packages/arduino/tools/avr-gcc/7.3.0-atmel3.6.1-arduino5/bin/../lib/gcc/avr/7.3.0/avrxmega3\libgcc.a(_ctors.o)
                0x0000036a                __do_global_ctors
 *(.init6)
 *(.init7)
 *(.init7)
 *(.init8)
 *(.init8)
 *(.init9)
 .init9         0x00000380        0x8 c:/users/jelly/appdata/local/arduino15/packages/arduino/tools/avr-gcc/7.3.0-atmel3.6.1-arduino5/bin/../lib/gcc/avr/7.3.0/../../../../avr/lib/avrxmega3/crtatmega4809.o
 *(.init9)
 *(.text)
 .text          0x00000388        0x4 c:/users/jelly/appdata/local/arduino15/packages/arduino/tools/avr-gcc/7.3.0-atmel3.6.1-arduino5/bin/../lib/gcc/avr/7.3.0/../../../../avr/lib/avrxmega3/crtatmega4809.o
                0x00000388                __vector_22
                0x00000388                __vector_28
                0x00000388                __vector_1
                0x00000388                __vector_32
                0x00000388                __vector_34
                0x00000388                __vector_24
                0x00000388                __vector_12
                0x00000388                __bad_interrupt
                0x00000388                __vector_6
                0x00000388                __vector_31
                0x00000388                __vector_35
                0x00000388                __vector_39
                0x00000388                __vector_3
                0x00000388                __vector_23
                0x00000388                __vector_30
                0x00000388                __vector_25
                0x00000388                __vector_11
                0x00000388                __vector_13
                0x00000388                __vector_17
                0x00000388                __vector_19
                0x00000388                __vector_7
                0x00000388                __vector_27
                0x00000388                __vector_5
                0x00000388                __vector_33
                0x00000388                __vector_4
                0x00000388                __vector_9
                0x00000388                __vector_2
                0x00000388                __vector_21
                0x00000388                __vector_15
                0x00000388                __vector_29
                0x00000388                __vector_8
                0x00000388                __vector_26
                0x00000388                __vector_14
                0x00000388                __vector_10
                0x00000388                __vector_16
                0x00000388                __vector_18
                0x00000388                __vector_20
 .text          0x0000038c     0x3f76 C:\Users\Jelly\AppData\Local\Temp\ccBMcC1n.ltrans0.ltrans.o
                0x0000415c                __vector_36
                0x00004224                __vector_38
                0x00004270                __vector_37
                0x00004302                . = ALIGN (0x2)
 *(.text.*)
 .text.startup  0x00004302      0xb10 C:\Users\Jelly\AppData\Local\Temp\ccBMcC1n.ltrans0.ltrans.o
                0x00004474                main
 .text.exit     0x00004e12       0x30 C:\Users\Jelly\AppData\Local\Temp\ccBMcC1n.ltrans0.ltrans.o
 .text.avr-libc
                0x00004e42       0x16 c:/users/jelly/appdata/local/arduino15/packages/arduino/tools/avr-gcc/7.3.0-atmel3.6.1-arduino5/bin/../lib/gcc/avr/7.3.0/../../../../avr/lib/avrxmega3\libc.a(itoa_ncheck.o)
                0x00004e42                __itoa_ncheck
 .text.avr-libc
                0x00004e58       0x34 c:/users/jelly/appdata/local/arduino15/packages/arduino/tools/avr-gcc/7.3.0-atmel3.6.1-arduino5/bin/../lib/gcc/avr/7.3.0/../../../../avr/lib/avrxmega3\libc.a(utoa_ncheck.o)
                0x00004e58                __utoa_ncheck
                0x00004e5a                __utoa_common
 .text.avr-libc
                0x00004e8c       0x20 c:/users/jelly/appdata/local/arduino15/packages/arduino/tools/avr-gcc/7.3.0-atmel3.6.1-arduino5/bin/../lib/gcc/avr/7.3.0/../../../../avr/lib/avrxmega3\libc.a(strrev.o)
                0x00004e8c                strrev
 .text.avr-libc.fplib
                0x00004eac        0xa c:/users/jelly/appdata/local/arduino15/packages/arduino/tools/avr-gcc/7.3.0-atmel3.6.1-arduino5/bin/../lib/gcc/avr/7.3.0/../../../../avr/lib/avrxmega3\libc.a(cmpsf2.o)
                0x00004eac                __nesf2
                0x00004eac                __eqsf2
                0x00004eac                __cmpsf2
                0x00004eac                __ltsf2
                0x00004eac                __lesf2
 .text.avr-libc.fplib
                0x00004eb6       0x7a c:/users/jelly/appdata/local/arduino15/packages/arduino/tools/avr-gcc/7.3.0-atmel3.6.1-arduino5/bin/../lib/gcc/avr/7.3.0/../../../../avr/lib/avrxmega3\libc.a(floatsisf.o)
                0x00004eb6                __floatunsisf
                0x00004eba                __floatsisf
 .text.avr-libc.fplib
                0x00004f30       0x48 c:/users/jelly/appdata/local/arduino15/packages/arduino/tools/avr-gcc/7.3.0-atmel3.6.1-arduino5/bin/../lib/gcc/avr/7.3.0/../../../../avr/lib/avrxmega3\libc.a(fp_cmp.o)
                0x00004f30                __fp_cmp
 .text.avr-libc.fplib
                0x00004f78        0x8 c:/users/jelly/appdata/local/arduino15/packages/arduino/tools/avr-gcc/7.3.0-atmel3.6.1-arduino5/bin/../lib/gcc/avr/7.3.0/../../../../avr/lib/avrxmega3\libc.a(mulsf3.o)
                0x00004f78                __mulsf3
 .text.avr-libc.fplib
                0x00004f80       0xd2 c:/users/jelly/appdata/local/arduino15/packages/arduino/tools/avr-gcc/7.3.0-atmel3.6.1-arduino5/bin/../lib/gcc/avr/7.3.0/../../../../avr/lib/avrxmega3\libc.a(mulsf3x.o)
                0x00004f9e                __mulsf3x
                0x00004fa4                __mulsf3_pse
 .text.avr-libc.fplib
                0x00005052        0xc c:/users/jelly/appdata/local/arduino15/packages/arduino/tools/avr-gcc/7.3.0-atmel3.6.1-arduino5/bin/../lib/gcc/avr/7.3.0/../../../../avr/lib/avrxmega3\libc.a(fp_inf.o)
                0x00005052                __fp_inf
 .text.avr-libc.fplib
                0x0000505e        0x6 c:/users/jelly/appdata/local/arduino15/packages/arduino/tools/avr-gcc/7.3.0-atmel3.6.1-arduino5/bin/../lib/gcc/avr/7.3.0/../../../../avr/lib/avrxmega3\libc.a(fp_nan.o)
                0x0000505e                __fp_nan
 .text.avr-libc.fplib
                0x00005064        0xe c:/users/jelly/appdata/local/arduino15/packages/arduino/tools/avr-gcc/7.3.0-atmel3.6.1-arduino5/bin/../lib/gcc/avr/7.3.0/../../../../avr/lib/avrxmega3\libc.a(fp_pscA.o)
                0x00005064                __fp_pscA
 .text.avr-libc.fplib
                0x00005072        0xe c:/users/jelly/appdata/local/arduino15/packages/arduino/tools/avr-gcc/7.3.0-atmel3.6.1-arduino5/bin/../lib/gcc/avr/7.3.0/../../../../avr/lib/avrxmega3\libc.a(fp_pscB.o)
                0x00005072                __fp_pscB
 .text.avr-libc.fplib
                0x00005080       0x22 c:/users/jelly/appdata/local/arduino15/packages/arduino/tools/avr-gcc/7.3.0-atmel3.6.1-arduino5/bin/../lib/gcc/avr/7.3.0/../../../../avr/lib/avrxmega3\libc.a(fp_round.o)
                0x00005080                __fp_round
 .text.avr-libc.fplib
                0x000050a2       0x44 c:/users/jelly/appdata/local/arduino15/packages/arduino/tools/avr-gcc/7.3.0-atmel3.6.1-arduino5/bin/../lib/gcc/avr/7.3.0/../../../../avr/lib/avrxmega3\libc.a(fp_split3.o)
                0x000050a2                __fp_split3
                0x000050b2                __fp_splitA
 .text.avr-libc.fplib
                0x000050e6        0xe c:/users/jelly/appdata/local/arduino15/packages/arduino/tools/avr-gcc/7.3.0-atmel3.6.1-arduino5/bin/../lib/gcc/avr/7.3.0/../../../../avr/lib/avrxmega3\libc.a(fp_zero.o)
                0x000050e6                __fp_zero
                0x000050e8                __fp_szero
 .text.libgcc.mul
                0x000050f4       0x16 c:/users/jelly/appdata/local/arduino15/packages/arduino/tools/avr-gcc/7.3.0-atmel3.6.1-arduino5/bin/../lib/gcc/avr/7.3.0/avrxmega3\libgcc.a(_muluhisi3.o)
                0x000050f4                __muluhisi3
 .text.libgcc.prologue
                0x0000510a       0x32 c:/users/jelly/appdata/local/arduino15/packages/arduino/tools/avr-gcc/7.3.0-atmel3.6.1-arduino5/bin/../lib/gcc/avr/7.3.0/avrxmega3\libgcc.a(_prologue.o)
                0x0000510a                __prologue_saves__
 .text.libgcc.prologue
                0x0000513c       0x30 c:/users/jelly/appdata/local/arduino15/packages/arduino/tools/avr-gcc/7.3.0-atmel3.6.1-arduino5/bin/../lib/gcc/avr/7.3.0/avrxmega3\libgcc.a(_epilogue.o)
                0x0000513c                __epilogue_restores__
 .text.libgcc.mul
                0x0000516c       0x1e c:/users/jelly/appdata/local/arduino15/packages/arduino/tools/avr-gcc/7.3.0-atmel3.6.1-arduino5/bin/../lib/gcc/avr/7.3.0/avrxmega3\libgcc.a(_umulhisi3.o)
                0x0000516c                __umulhisi3
 .text.libgcc.div
                0x0000518a       0x28 c:/users/jelly/appdata/local/arduino15/packages/arduino/tools/avr-gcc/7.3.0-atmel3.6.1-arduino5/bin/../lib/gcc/avr/7.3.0/avrxmega3\libgcc.a(_udivmodhi4.o)
                0x0000518a                __udivmodhi4
 .text.libgcc.div
                0x000051b2       0x44 c:/users/jelly/appdata/local/arduino15/packages/arduino/tools/avr-gcc/7.3.0-atmel3.6.1-arduino5/bin/../lib/gcc/avr/7.3.0/avrxmega3\libgcc.a(_udivmodsi4.o)
                0x000051b2                __udivmodsi4
 .text.libgcc.div
                0x000051f6       0x2e c:/users/jelly/appdata/local/arduino15/packages/arduino/tools/avr-gcc/7.3.0-atmel3.6.1-arduino5/bin/../lib/gcc/avr/7.3.0/avrxmega3\libgcc.a(_divmodsi4.o)
                0x000051f6                __divmodsi4
 .text.libgcc.div
                0x00005224       0x10 c:/users/jelly/appdata/local/arduino15/packages/arduino/tools/avr-gcc/7.3.0-atmel3.6.1-arduino5/bin/../lib/gcc/avr/7.3.0/avrxmega3\libgcc.a(_negsi2.o)
                0x00005224                __negsi2
 .text.libgcc.mul
                0x00005234       0x10 c:/users/jelly/appdata/local/arduino15/packages/arduino/tools/avr-gcc/7.3.0-atmel3.6.1-arduino5/bin/../lib/gcc/avr/7.3.0/avrxmega3\libgcc.a(_mulshisi3.o)
                0x00005234                __mulshisi3
                0x0000523a                __mulohisi3
 .text.libgcc.builtins
                0x00005244       0x3a c:/users/jelly/appdata/local/arduino15/packages/arduino/tools/avr-gcc/7.3.0-atmel3.6.1-arduino5/bin/../lib/gcc/avr/7.3.0/avrxmega3\libgcc.a(_ashrdi3.o)
                0x00005244                __ashrdi3
                0x00005248                __lshrdi3
 .text.libgcc   0x0000527e       0x18 c:/users/jelly/appdata/local/arduino15/packages/arduino/tools/avr-gcc/7.3.0-atmel3.6.1-arduino5/bin/../lib/gcc/avr/7.3.0/avrxmega3\libgcc.a(_cmpdi2_s8.o)
                0x0000527e                __cmpdi2_s8
 .text.libgcc   0x00005296        0xc c:/users/jelly/appdata/local/arduino15/packages/arduino/tools/avr-gcc/7.3.0-atmel3.6.1-arduino5/bin/../lib/gcc/avr/7.3.0/avrxmega3\libgcc.a(_tablejump2.o)
                0x00005296                __tablejump2__
 .text.avr-libc
                0x000052a2      0x24a c:/users/jelly/appdata/local/arduino15/packages/arduino/tools/avr-gcc/7.3.0-atmel3.6.1-arduino5/bin/../lib/gcc/avr/7.3.0/../../../../avr/lib/avrxmega3\libc.a(malloc.o)
                0x000052a2                malloc
                0x000053da                free
 .text.avr-libc
                0x000054ec      0x17a c:/users/jelly/appdata/local/arduino15/packages/arduino/tools/avr-gcc/7.3.0-atmel3.6.1-arduino5/bin/../lib/gcc/avr/7.3.0/../../../../avr/lib/avrxmega3\libc.a(realloc.o)
                0x000054ec                realloc
 .text.avr-libc
                0x00005666       0x1a c:/users/jelly/appdata/local/arduino15/packages/arduino/tools/avr-gcc/7.3.0-atmel3.6.1-arduino5/bin/../lib/gcc/avr/7.3.0/../../../../avr/lib/avrxmega3\libc.a(memcmp.o)
                0x00005666                memcmp
 .text.avr-libc
                0x00005680       0x12 c:/users/jelly/appdata/local/arduino15/packages/arduino/tools/avr-gcc/7.3.0-atmel3.6.1-arduino5/bin/../lib/gcc/avr/7.3.0/../../../../avr/lib/avrxmega3\libc.a(memcpy.o)
                0x00005680                memcpy
                0x00005692                . = ALIGN (0x2)
 *(.fini9)
 .fini9         0x00005692        0x0 c:/users/jelly/appdata/local/arduino15/packages/arduino/tools/avr-gcc/7.3.0-atmel3.6.1-arduino5/bin/../lib/gcc/avr/7.3.0/avrxmega3\libgcc.a(_exit.o)
                0x00005692                _exit
                0x00005692                exit
 *(.fini9)
 *(.fini8)
 *(.fini8)
 *(.fini7)
 *(.fini7)
 *(.fini6)
 .fini6         0x00005692       0x16 c:/users/jelly/appdata/local/arduino15/packages/arduino/tools/avr-gcc/7.3.0-atmel3.6.1-arduino5/bin/../lib/gcc/avr/7.3.0/avrxmega3\libgcc.a(_dtors.o)
                0x00005692                __do_global_dtors
 *(.fini6)
 *(.fini5)
 *(.fini5)
 *(.fini4)
 *(.fini4)
 *(.fini3)
 *(.fini3)
 *(.fini2)
 *(.fini2)
 *(.fini1)
 *(.fini1)
 *(.fini0)
 .fini0         0x000056a8        0x4 c:/users/jelly/appdata/local/arduino15/packages/arduino/tools/avr-gcc/7.3.0-atmel3.6.1-arduino5/bin/../lib/gcc/avr/7.3.0/avrxmega3\libgcc.a(_exit.o)
 *(.fini0)
                0x000056ac                _etext = .

.rodata         0x000096ac      0x275 load address 0x000056ac
 *(.rodata)
 .rodata        0x000096ac      0x124 C:\Users\Jelly\AppData\Local\Temp\ccBMcC1n.ltrans0.ltrans.o
 *(.rodata*)
 .rodata.str1.1
                0x000097d0      0x151 C:\Users\Jelly\AppData\Local\Temp\ccBMcC1n.ltrans0.ltrans.o
                                0x159 (size before relaxing)
 *(.gnu.linkonce.r*)

.data           0x00802800       0x2a load address 0x00005921
                0x00802800                PROVIDE (__data_start, .)
 *(.data)
 .data          0x00802800       0x23 C:\Users\Jelly\AppData\Local\Temp\ccBMcC1n.ltrans0.ltrans.o
 .data          0x00802823        0x6 c:/users/jelly/appdata/local/arduino15/packages/arduino/tools/avr-gcc/7.3.0-atmel3.6.1-arduino5/bin/../lib/gcc/avr/7.3.0/../../../../avr/lib/avrxmega3\libc.a(malloc.o)
                0x00802823                __malloc_heap_end
                0x00802825                __malloc_heap_start
                0x00802827                __malloc_margin
 *(.data*)
 *(.gnu.linkonce.d*)
                0x0080282a                . = ALIGN (0x2)
 *fill*         0x00802829        0x1 
                0x0080282a                _edata = .
                0x0080282a                PROVIDE (__data_end, .)

.bss            0x0080282a      0x19d
                0x0080282a                PROVIDE (__bss_start, .)
 *(.bss)
 .bss           0x0080282a      0x199 C:\Users\Jelly\AppData\Local\Temp\ccBMcC1n.ltrans0.ltrans.o
 *(.bss*)
 *(COMMON)
 COMMON         0x008029c3        0x4 c:/users/jelly/appdata/local/arduino15/packages/arduino/tools/avr-gcc/7.3.0-atmel3.6.1-arduino5/bin/../lib/gcc/avr/7.3.0/../../../../avr/lib/avrxmega3\libc.a(malloc.o)
                0x008029c3                __brkval
                0x008029c5                __flp
                0x008029c7                PROVIDE (__bss_end, .)
                0x00005921                __data_load_start = LOADADDR (.data)
                0x0000594b                __data_load_end = (__data_load_start + SIZEOF (.data))

.noinit         0x008029c7        0x0
                [!provide]                PROVIDE (__noinit_start, .)
 *(.noinit*)
                [!provide]                PROVIDE (__noinit_end, .)
                0x008029c7                _end = .
                0x008029c7                PROVIDE (__heap_start, .)

.eeprom         0x00810000        0x0
 *(.eeprom*)
                0x00810000                __eeprom_end = .

.fuse
 *(.fuse)
 *(.lfuse)
 *(.hfuse)
 *(.efuse)

.lock
 *(.lock*)

.signature
 *(.signature*)

.user_signatures
 *(.user_signatures*)

.stab
 *(.stab)

.stabstr
 *(.stabstr)

.stab.excl
 *(.stab.excl)

.stab.exclstr
 *(.stab.exclstr)

.stab.index
 *(.stab.index)

.stab.indexstr
 *(.stab.indexstr)

.comment        0x00000000       0x11
 *(.comment)
 .comment       0x00000000       0x11 C:\Users\Jelly\AppData\Local\Temp\ccBMcC1n.ltrans0.ltrans.o
                                 0x12 (size before relaxing)
 .comment       0x00000011       0x12 c:/users/jelly/appdata/local/arduino15/packages/arduino/tools/avr-gcc/7.3.0-atmel3.6.1-arduino5/bin/../lib/gcc/avr/7.3.0/../../../../avr/lib/avrxmega3\libc.a(malloc.o)
 .comment       0x00000011       0x12 c:/users/jelly/appdata/local/arduino15/packages/arduino/tools/avr-gcc/7.3.0-atmel3.6.1-arduino5/bin/../lib/gcc/avr/7.3.0/../../../../avr/lib/avrxmega3\libc.a(realloc.o)

.note.gnu.avr.deviceinfo
                0x00000000       0x40
 .note.gnu.avr.deviceinfo
                0x00000000       0x40 c:/users/jelly/appdata/local/arduino15/packages/arduino/tools/avr-gcc/7.3.0-atmel3.6.1-arduino5/bin/../lib/gcc/avr/7.3.0/../../../../avr/lib/avrxmega3/crtatmega4809.o

.note.gnu.build-id
 *(.note.gnu.build-id)

.debug
 *(.debug)

.line
 *(.line)

.debug_srcinfo
 *(.debug_srcinfo)

.debug_sfnames
 *(.debug_sfnames)

.debug_aranges  0x00000000      0x250
 *(.debug_aranges)
 .debug_aranges
                0x00000000       0x30 C:\Users\Jelly\AppData\Local\Temp\ccBMcC1n.ltrans0.ltrans.o
 .debug_aranges
                0x00000030       0x20 c:/users/jelly/appdata/local/arduino15/packages/arduino/tools/avr-gcc/7.3.0-atmel3.6.1-arduino5/bin/../lib/gcc/avr/7.3.0/avrxmega3\libgcc.a(_exit.o)
 .debug_aranges
                0x00000050       0x20 c:/users/jelly/appdata/local/arduino15/packages/arduino/tools/avr-gcc/7.3.0-atmel3.6.1-arduino5/bin/../lib/gcc/avr/7.3.0/avrxmega3\libgcc.a(_clear_bss.o)
 .debug_aranges
                0x00000070       0x20 c:/users/jelly/appdata/local/arduino15/packages/arduino/tools/avr-gcc/7.3.0-atmel3.6.1-arduino5/bin/../lib/gcc/avr/7.3.0/avrxmega3\libgcc.a(_muluhisi3.o)
 .debug_aranges
                0x00000090       0x20 c:/users/jelly/appdata/local/arduino15/packages/arduino/tools/avr-gcc/7.3.0-atmel3.6.1-arduino5/bin/../lib/gcc/avr/7.3.0/avrxmega3\libgcc.a(_prologue.o)
 .debug_aranges
                0x000000b0       0x20 c:/users/jelly/appdata/local/arduino15/packages/arduino/tools/avr-gcc/7.3.0-atmel3.6.1-arduino5/bin/../lib/gcc/avr/7.3.0/avrxmega3\libgcc.a(_epilogue.o)
 .debug_aranges
                0x000000d0       0x20 c:/users/jelly/appdata/local/arduino15/packages/arduino/tools/avr-gcc/7.3.0-atmel3.6.1-arduino5/bin/../lib/gcc/avr/7.3.0/avrxmega3\libgcc.a(_umulhisi3.o)
 .debug_aranges
                0x000000f0       0x20 c:/users/jelly/appdata/local/arduino15/packages/arduino/tools/avr-gcc/7.3.0-atmel3.6.1-arduino5/bin/../lib/gcc/avr/7.3.0/avrxmega3\libgcc.a(_udivmodhi4.o)
 .debug_aranges
                0x00000110       0x20 c:/users/jelly/appdata/local/arduino15/packages/arduino/tools/avr-gcc/7.3.0-atmel3.6.1-arduino5/bin/../lib/gcc/avr/7.3.0/avrxmega3\libgcc.a(_udivmodsi4.o)
 .debug_aranges
                0x00000130       0x20 c:/users/jelly/appdata/local/arduino15/packages/arduino/tools/avr-gcc/7.3.0-atmel3.6.1-arduino5/bin/../lib/gcc/avr/7.3.0/avrxmega3\libgcc.a(_divmodsi4.o)
 .debug_aranges
                0x00000150       0x20 c:/users/jelly/appdata/local/arduino15/packages/arduino/tools/avr-gcc/7.3.0-atmel3.6.1-arduino5/bin/../lib/gcc/avr/7.3.0/avrxmega3\libgcc.a(_negsi2.o)
 .debug_aranges
                0x00000170       0x20 c:/users/jelly/appdata/local/arduino15/packages/arduino/tools/avr-gcc/7.3.0-atmel3.6.1-arduino5/bin/../lib/gcc/avr/7.3.0/avrxmega3\libgcc.a(_copy_data.o)
 .debug_aranges
                0x00000190       0x20 c:/users/jelly/appdata/local/arduino15/packages/arduino/tools/avr-gcc/7.3.0-atmel3.6.1-arduino5/bin/../lib/gcc/avr/7.3.0/avrxmega3\libgcc.a(_ctors.o)
 .debug_aranges
                0x000001b0       0x20 c:/users/jelly/appdata/local/arduino15/packages/arduino/tools/avr-gcc/7.3.0-atmel3.6.1-arduino5/bin/../lib/gcc/avr/7.3.0/avrxmega3\libgcc.a(_dtors.o)
 .debug_aranges
                0x000001d0       0x20 c:/users/jelly/appdata/local/arduino15/packages/arduino/tools/avr-gcc/7.3.0-atmel3.6.1-arduino5/bin/../lib/gcc/avr/7.3.0/avrxmega3\libgcc.a(_mulshisi3.o)
 .debug_aranges
                0x000001f0       0x20 c:/users/jelly/appdata/local/arduino15/packages/arduino/tools/avr-gcc/7.3.0-atmel3.6.1-arduino5/bin/../lib/gcc/avr/7.3.0/avrxmega3\libgcc.a(_ashrdi3.o)
 .debug_aranges
                0x00000210       0x20 c:/users/jelly/appdata/local/arduino15/packages/arduino/tools/avr-gcc/7.3.0-atmel3.6.1-arduino5/bin/../lib/gcc/avr/7.3.0/avrxmega3\libgcc.a(_cmpdi2_s8.o)
 .debug_aranges
                0x00000230       0x20 c:/users/jelly/appdata/local/arduino15/packages/arduino/tools/avr-gcc/7.3.0-atmel3.6.1-arduino5/bin/../lib/gcc/avr/7.3.0/avrxmega3\libgcc.a(_tablejump2.o)

.debug_pubnames
 *(.debug_pubnames)

.debug_info     0x00000000    0x14754
 *(.debug_info .gnu.linkonce.wi.*)
 .debug_info    0x00000000     0x249d c:/users/jelly/appdata/local/arduino15/packages/arduino/tools/avr-gcc/7.3.0-atmel3.6.1-arduino5/bin/../lib/gcc/avr/7.3.0/../../../../avr/lib/avrxmega3/crtatmega4809.o
 .debug_info    0x0000249d    0x115f7 C:\Users\Jelly\AppData\Local\Temp\ccBMcC1n.ltrans0.ltrans.o
 .debug_info    0x00013a94       0xc0 c:/users/jelly/appdata/local/arduino15/packages/arduino/tools/avr-gcc/7.3.0-atmel3.6.1-arduino5/bin/../lib/gcc/avr/7.3.0/avrxmega3\libgcc.a(_exit.o)
 .debug_info    0x00013b54       0xc0 c:/users/jelly/appdata/local/arduino15/packages/arduino/tools/avr-gcc/7.3.0-atmel3.6.1-arduino5/bin/../lib/gcc/avr/7.3.0/avrxmega3\libgcc.a(_clear_bss.o)
 .debug_info    0x00013c14       0xc0 c:/users/jelly/appdata/local/arduino15/packages/arduino/tools/avr-gcc/7.3.0-atmel3.6.1-arduino5/bin/../lib/gcc/avr/7.3.0/avrxmega3\libgcc.a(_muluhisi3.o)
 .debug_info    0x00013cd4       0xc0 c:/users/jelly/appdata/local/arduino15/packages/arduino/tools/avr-gcc/7.3.0-atmel3.6.1-arduino5/bin/../lib/gcc/avr/7.3.0/avrxmega3\libgcc.a(_prologue.o)
 .debug_info    0x00013d94       0xc0 c:/users/jelly/appdata/local/arduino15/packages/arduino/tools/avr-gcc/7.3.0-atmel3.6.1-arduino5/bin/../lib/gcc/avr/7.3.0/avrxmega3\libgcc.a(_epilogue.o)
 .debug_info    0x00013e54       0xc0 c:/users/jelly/appdata/local/arduino15/packages/arduino/tools/avr-gcc/7.3.0-atmel3.6.1-arduino5/bin/../lib/gcc/avr/7.3.0/avrxmega3\libgcc.a(_umulhisi3.o)
 .debug_info    0x00013f14       0xc0 c:/users/jelly/appdata/local/arduino15/packages/arduino/tools/avr-gcc/7.3.0-atmel3.6.1-arduino5/bin/../lib/gcc/avr/7.3.0/avrxmega3\libgcc.a(_udivmodhi4.o)
 .debug_info    0x00013fd4       0xc0 c:/users/jelly/appdata/local/arduino15/packages/arduino/tools/avr-gcc/7.3.0-atmel3.6.1-arduino5/bin/../lib/gcc/avr/7.3.0/avrxmega3\libgcc.a(_udivmodsi4.o)
 .debug_info    0x00014094       0xc0 c:/users/jelly/appdata/local/arduino15/packages/arduino/tools/avr-gcc/7.3.0-atmel3.6.1-arduino5/bin/../lib/gcc/avr/7.3.0/avrxmega3\libgcc.a(_divmodsi4.o)
 .debug_info    0x00014154       0xc0 c:/users/jelly/appdata/local/arduino15/packages/arduino/tools/avr-gcc/7.3.0-atmel3.6.1-arduino5/bin/../lib/gcc/avr/7.3.0/avrxmega3\libgcc.a(_negsi2.o)
 .debug_info    0x00014214       0xc0 c:/users/jelly/appdata/local/arduino15/packages/arduino/tools/avr-gcc/7.3.0-atmel3.6.1-arduino5/bin/../lib/gcc/avr/7.3.0/avrxmega3\libgcc.a(_copy_data.o)
 .debug_info    0x000142d4       0xc0 c:/users/jelly/appdata/local/arduino15/packages/arduino/tools/avr-gcc/7.3.0-atmel3.6.1-arduino5/bin/../lib/gcc/avr/7.3.0/avrxmega3\libgcc.a(_ctors.o)
 .debug_info    0x00014394       0xc0 c:/users/jelly/appdata/local/arduino15/packages/arduino/tools/avr-gcc/7.3.0-atmel3.6.1-arduino5/bin/../lib/gcc/avr/7.3.0/avrxmega3\libgcc.a(_dtors.o)
 .debug_info    0x00014454       0xc0 c:/users/jelly/appdata/local/arduino15/packages/arduino/tools/avr-gcc/7.3.0-atmel3.6.1-arduino5/bin/../lib/gcc/avr/7.3.0/avrxmega3\libgcc.a(_mulshisi3.o)
 .debug_info    0x00014514       0xc0 c:/users/jelly/appdata/local/arduino15/packages/arduino/tools/avr-gcc/7.3.0-atmel3.6.1-arduino5/bin/../lib/gcc/avr/7.3.0/avrxmega3\libgcc.a(_ashrdi3.o)
 .debug_info    0x000145d4       0xc0 c:/users/jelly/appdata/local/arduino15/packages/arduino/tools/avr-gcc/7.3.0-atmel3.6.1-arduino5/bin/../lib/gcc/avr/7.3.0/avrxmega3\libgcc.a(_cmpdi2_s8.o)
 .debug_info    0x00014694       0xc0 c:/users/jelly/appdata/local/arduino15/packages/arduino/tools/avr-gcc/7.3.0-atmel3.6.1-arduino5/bin/../lib/gcc/avr/7.3.0/avrxmega3\libgcc.a(_tablejump2.o)

.debug_abbrev   0x00000000     0x32fa
 *(.debug_abbrev)
 .debug_abbrev  0x00000000     0x22a8 c:/users/jelly/appdata/local/arduino15/packages/arduino/tools/avr-gcc/7.3.0-atmel3.6.1-arduino5/bin/../lib/gcc/avr/7.3.0/../../../../avr/lib/avrxmega3/crtatmega4809.o
 .debug_abbrev  0x000022a8      0xefe C:\Users\Jelly\AppData\Local\Temp\ccBMcC1n.ltrans0.ltrans.o
 .debug_abbrev  0x000031a6       0x14 c:/users/jelly/appdata/local/arduino15/packages/arduino/tools/avr-gcc/7.3.0-atmel3.6.1-arduino5/bin/../lib/gcc/avr/7.3.0/avrxmega3\libgcc.a(_exit.o)
 .debug_abbrev  0x000031ba       0x14 c:/users/jelly/appdata/local/arduino15/packages/arduino/tools/avr-gcc/7.3.0-atmel3.6.1-arduino5/bin/../lib/gcc/avr/7.3.0/avrxmega3\libgcc.a(_clear_bss.o)
 .debug_abbrev  0x000031ce       0x14 c:/users/jelly/appdata/local/arduino15/packages/arduino/tools/avr-gcc/7.3.0-atmel3.6.1-arduino5/bin/../lib/gcc/avr/7.3.0/avrxmega3\libgcc.a(_muluhisi3.o)
 .debug_abbrev  0x000031e2       0x14 c:/users/jelly/appdata/local/arduino15/packages/arduino/tools/avr-gcc/7.3.0-atmel3.6.1-arduino5/bin/../lib/gcc/avr/7.3.0/avrxmega3\libgcc.a(_prologue.o)
 .debug_abbrev  0x000031f6       0x14 c:/users/jelly/appdata/local/arduino15/packages/arduino/tools/avr-gcc/7.3.0-atmel3.6.1-arduino5/bin/../lib/gcc/avr/7.3.0/avrxmega3\libgcc.a(_epilogue.o)
 .debug_abbrev  0x0000320a       0x14 c:/users/jelly/appdata/local/arduino15/packages/arduino/tools/avr-gcc/7.3.0-atmel3.6.1-arduino5/bin/../lib/gcc/avr/7.3.0/avrxmega3\libgcc.a(_umulhisi3.o)
 .debug_abbrev  0x0000321e       0x14 c:/users/jelly/appdata/local/arduino15/packages/arduino/tools/avr-gcc/7.3.0-atmel3.6.1-arduino5/bin/../lib/gcc/avr/7.3.0/avrxmega3\libgcc.a(_udivmodhi4.o)
 .debug_abbrev  0x00003232       0x14 c:/users/jelly/appdata/local/arduino15/packages/arduino/tools/avr-gcc/7.3.0-atmel3.6.1-arduino5/bin/../lib/gcc/avr/7.3.0/avrxmega3\libgcc.a(_udivmodsi4.o)
 .debug_abbrev  0x00003246       0x14 c:/users/jelly/appdata/local/arduino15/packages/arduino/tools/avr-gcc/7.3.0-atmel3.6.1-arduino5/bin/../lib/gcc/avr/7.3.0/avrxmega3\libgcc.a(_divmodsi4.o)
 .debug_abbrev  0x0000325a       0x14 c:/users/jelly/appdata/local/arduino15/packages/arduino/tools/avr-gcc/7.3.0-atmel3.6.1-arduino5/bin/../lib/gcc/avr/7.3.0/avrxmega3\libgcc.a(_negsi2.o)
 .debug_abbrev  0x0000326e       0x14 c:/users/jelly/appdata/local/arduino15/packages/arduino/tools/avr-gcc/7.3.0-atmel3.6.1-arduino5/bin/../lib/gcc/avr/7.3.0/avrxmega3\libgcc.a(_copy_data.o)
 .debug_abbrev  0x00003282       0x14 c:/users/jelly/appdata/local/arduino15/packages/arduino/tools/avr-gcc/7.3.0-atmel3.6.1-arduino5/bin/../lib/gcc/avr/7.3.0/avrxmega3\libgcc.a(_ctors.o)
 .debug_abbrev  0x00003296       0x14 c:/users/jelly/appdata/local/arduino15/packages/arduino/tools/avr-gcc/7.3.0-atmel3.6.1-arduino5/bin/../lib/gcc/avr/7.3.0/avrxmega3\libgcc.a(_dtors.o)
 .debug_abbrev  0x000032aa       0x14 c:/users/jelly/appdata/local/arduino15/packages/arduino/tools/avr-gcc/7.3.0-atmel3.6.1-arduino5/bin/../lib/gcc/avr/7.3.0/avrxmega3\libgcc.a(_mulshisi3.o)
 .debug_abbrev  0x000032be       0x14 c:/users/jelly/appdata/local/arduino15/packages/arduino/tools/avr-gcc/7.3.0-atmel3.6.1-arduino5/bin/../lib/gcc/avr/7.3.0/avrxmega3\libgcc.a(_ashrdi3.o)
 .debug_abbrev  0x000032d2       0x14 c:/users/jelly/appdata/local/arduino15/packages/arduino/tools/avr-gcc/7.3.0-atmel3.6.1-arduino5/bin/../lib/gcc/avr/7.3.0/avrxmega3\libgcc.a(_cmpdi2_s8.o)
 .debug_abbrev  0x000032e6       0x14 c:/users/jelly/appdata/local/arduino15/packages/arduino/tools/avr-gcc/7.3.0-atmel3.6.1-arduino5/bin/../lib/gcc/avr/7.3.0/avrxmega3\libgcc.a(_tablejump2.o)

.debug_line     0x00000000     0x4cc1
 *(.debug_line .debug_line.* .debug_line_end)
 .debug_line    0x00000000      0x187 c:/users/jelly/appdata/local/arduino15/packages/arduino/tools/avr-gcc/7.3.0-atmel3.6.1-arduino5/bin/../lib/gcc/avr/7.3.0/../../../../avr/lib/avrxmega3/crtatmega4809.o
 .debug_line    0x00000187     0x3ff0 C:\Users\Jelly\AppData\Local\Temp\ccBMcC1n.ltrans0.ltrans.o
 .debug_line    0x00004177       0x62 c:/users/jelly/appdata/local/arduino15/packages/arduino/tools/avr-gcc/7.3.0-atmel3.6.1-arduino5/bin/../lib/gcc/avr/7.3.0/avrxmega3\libgcc.a(_exit.o)
 .debug_line    0x000041d9       0x86 c:/users/jelly/appdata/local/arduino15/packages/arduino/tools/avr-gcc/7.3.0-atmel3.6.1-arduino5/bin/../lib/gcc/avr/7.3.0/avrxmega3\libgcc.a(_clear_bss.o)
 .debug_line    0x0000425f       0x92 c:/users/jelly/appdata/local/arduino15/packages/arduino/tools/avr-gcc/7.3.0-atmel3.6.1-arduino5/bin/../lib/gcc/avr/7.3.0/avrxmega3\libgcc.a(_muluhisi3.o)
 .debug_line    0x000042f1       0xec c:/users/jelly/appdata/local/arduino15/packages/arduino/tools/avr-gcc/7.3.0-atmel3.6.1-arduino5/bin/../lib/gcc/avr/7.3.0/avrxmega3\libgcc.a(_prologue.o)
 .debug_line    0x000043dd       0xe6 c:/users/jelly/appdata/local/arduino15/packages/arduino/tools/avr-gcc/7.3.0-atmel3.6.1-arduino5/bin/../lib/gcc/avr/7.3.0/avrxmega3\libgcc.a(_epilogue.o)
 .debug_line    0x000044c3       0xb0 c:/users/jelly/appdata/local/arduino15/packages/arduino/tools/avr-gcc/7.3.0-atmel3.6.1-arduino5/bin/../lib/gcc/avr/7.3.0/avrxmega3\libgcc.a(_umulhisi3.o)
 .debug_line    0x00004573       0xce c:/users/jelly/appdata/local/arduino15/packages/arduino/tools/avr-gcc/7.3.0-atmel3.6.1-arduino5/bin/../lib/gcc/avr/7.3.0/avrxmega3\libgcc.a(_udivmodhi4.o)
 .debug_line    0x00004641      0x122 c:/users/jelly/appdata/local/arduino15/packages/arduino/tools/avr-gcc/7.3.0-atmel3.6.1-arduino5/bin/../lib/gcc/avr/7.3.0/avrxmega3\libgcc.a(_udivmodsi4.o)
 .debug_line    0x00004763       0xce c:/users/jelly/appdata/local/arduino15/packages/arduino/tools/avr-gcc/7.3.0-atmel3.6.1-arduino5/bin/../lib/gcc/avr/7.3.0/avrxmega3\libgcc.a(_divmodsi4.o)
 .debug_line    0x00004831       0x62 c:/users/jelly/appdata/local/arduino15/packages/arduino/tools/avr-gcc/7.3.0-atmel3.6.1-arduino5/bin/../lib/gcc/avr/7.3.0/avrxmega3\libgcc.a(_negsi2.o)
 .debug_line    0x00004893       0x98 c:/users/jelly/appdata/local/arduino15/packages/arduino/tools/avr-gcc/7.3.0-atmel3.6.1-arduino5/bin/../lib/gcc/avr/7.3.0/avrxmega3\libgcc.a(_copy_data.o)
 .debug_line    0x0000492b       0x92 c:/users/jelly/appdata/local/arduino15/packages/arduino/tools/avr-gcc/7.3.0-atmel3.6.1-arduino5/bin/../lib/gcc/avr/7.3.0/avrxmega3\libgcc.a(_ctors.o)
 .debug_line    0x000049bd       0x92 c:/users/jelly/appdata/local/arduino15/packages/arduino/tools/avr-gcc/7.3.0-atmel3.6.1-arduino5/bin/../lib/gcc/avr/7.3.0/avrxmega3\libgcc.a(_dtors.o)
 .debug_line    0x00004a4f       0x7a c:/users/jelly/appdata/local/arduino15/packages/arduino/tools/avr-gcc/7.3.0-atmel3.6.1-arduino5/bin/../lib/gcc/avr/7.3.0/avrxmega3\libgcc.a(_mulshisi3.o)
 .debug_line    0x00004ac9      0x104 c:/users/jelly/appdata/local/arduino15/packages/arduino/tools/avr-gcc/7.3.0-atmel3.6.1-arduino5/bin/../lib/gcc/avr/7.3.0/avrxmega3\libgcc.a(_ashrdi3.o)
 .debug_line    0x00004bcd       0x7a c:/users/jelly/appdata/local/arduino15/packages/arduino/tools/avr-gcc/7.3.0-atmel3.6.1-arduino5/bin/../lib/gcc/avr/7.3.0/avrxmega3\libgcc.a(_cmpdi2_s8.o)
 .debug_line    0x00004c47       0x7a c:/users/jelly/appdata/local/arduino15/packages/arduino/tools/avr-gcc/7.3.0-atmel3.6.1-arduino5/bin/../lib/gcc/avr/7.3.0/avrxmega3\libgcc.a(_tablejump2.o)

.debug_frame    0x00000000     0x1474
 *(.debug_frame)
 .debug_frame   0x00000000     0x1474 C:\Users\Jelly\AppData\Local\Temp\ccBMcC1n.ltrans0.ltrans.o

.debug_str      0x00000000     0x5277
 *(.debug_str)
 .debug_str     0x00000000      0xf8b c:/users/jelly/appdata/local/arduino15/packages/arduino/tools/avr-gcc/7.3.0-atmel3.6.1-arduino5/bin/../lib/gcc/avr/7.3.0/../../../../avr/lib/avrxmega3/crtatmega4809.o
 .debug_str     0x00000f8b     0x42ec C:\Users\Jelly\AppData\Local\Temp\ccBMcC1n.ltrans0.ltrans.o
                               0x4587 (size before relaxing)

.debug_loc      0x00000000     0xacaf
 *(.debug_loc)
 .debug_loc     0x00000000     0xacaf C:\Users\Jelly\AppData\Local\Temp\ccBMcC1n.ltrans0.ltrans.o

.debug_macinfo
 *(.debug_macinfo)

.debug_weaknames
 *(.debug_weaknames)

.debug_funcnames
 *(.debug_funcnames)

.debug_typenames
 *(.debug_typenames)

.debug_varnames
 *(.debug_varnames)

.debug_pubtypes
 *(.debug_pubtypes)

.debug_ranges   0x00000000      0xde8
 *(.debug_ranges)
 .debug_ranges  0x00000000      0xde8 C:\Users\Jelly\AppData\Local\Temp\ccBMcC1n.ltrans0.ltrans.o

.debug_macro
 *(.debug_macro)
OUTPUT(C:\Users\Jelly\AppData\Local\Temp\arduino\sketches\086B966BAB3A9916716A32606A48016F/badge-app.ino.elf elf32-avr)
LOAD linker stubs
